mode: set
github.com/jailtonjunior94/financialcontrol-api/src/application/services/invoice.go:20.112,22.2 1 0
github.com/jailtonjunior94/financialcontrol-api/src/application/services/invoice.go:24.89,26.16 2 0
github.com/jailtonjunior94/financialcontrol-api/src/application/services/invoice.go:30.2,30.63 1 0
github.com/jailtonjunior94/financialcontrol-api/src/application/services/invoice.go:26.16,28.3 1 0
github.com/jailtonjunior94/financialcontrol-api/src/application/services/invoice.go:33.89,35.16 2 0
github.com/jailtonjunior94/financialcontrol-api/src/application/services/invoice.go:39.2,39.71 1 0
github.com/jailtonjunior94/financialcontrol-api/src/application/services/invoice.go:35.16,37.3 1 0
github.com/jailtonjunior94/financialcontrol-api/src/application/services/invoice.go:42.113,44.16 2 0
github.com/jailtonjunior94/financialcontrol-api/src/application/services/invoice.go:48.2,49.16 2 0
github.com/jailtonjunior94/financialcontrol-api/src/application/services/invoice.go:53.2,54.47 2 0
github.com/jailtonjunior94/financialcontrol-api/src/application/services/invoice.go:77.2,77.82 1 0
github.com/jailtonjunior94/financialcontrol-api/src/application/services/invoice.go:44.16,46.3 1 0
github.com/jailtonjunior94/financialcontrol-api/src/application/services/invoice.go:49.16,51.3 1 0
github.com/jailtonjunior94/financialcontrol-api/src/application/services/invoice.go:54.47,56.17 2 0
github.com/jailtonjunior94/financialcontrol-api/src/application/services/invoice.go:60.3,60.21 1 0
github.com/jailtonjunior94/financialcontrol-api/src/application/services/invoice.go:72.3,72.101 1 0
github.com/jailtonjunior94/financialcontrol-api/src/application/services/invoice.go:56.17,58.4 1 0
github.com/jailtonjunior94/financialcontrol-api/src/application/services/invoice.go:60.21,62.18 2 0
github.com/jailtonjunior94/financialcontrol-api/src/application/services/invoice.go:66.4,66.105 1 0
github.com/jailtonjunior94/financialcontrol-api/src/application/services/invoice.go:69.4,69.12 1 0
github.com/jailtonjunior94/financialcontrol-api/src/application/services/invoice.go:62.18,64.5 1 0
github.com/jailtonjunior94/financialcontrol-api/src/application/services/invoice.go:66.105,68.5 1 0
github.com/jailtonjunior94/financialcontrol-api/src/application/services/invoice.go:72.101,74.4 1 0
github.com/jailtonjunior94/financialcontrol-api/src/application/services/invoice.go:80.106,84.41 3 0
github.com/jailtonjunior94/financialcontrol-api/src/application/services/invoice.go:92.2,92.27 1 0
github.com/jailtonjunior94/financialcontrol-api/src/application/services/invoice.go:84.41,87.3 2 0
github.com/jailtonjunior94/financialcontrol-api/src/application/services/invoice.go:87.8,90.3 2 0
github.com/jailtonjunior94/financialcontrol-api/src/application/services/invoice.go:95.176,97.16 2 0
github.com/jailtonjunior94/financialcontrol-api/src/application/services/invoice.go:101.2,102.16 2 0
github.com/jailtonjunior94/financialcontrol-api/src/application/services/invoice.go:106.2,110.16 4 0
github.com/jailtonjunior94/financialcontrol-api/src/application/services/invoice.go:114.2,114.12 1 0
github.com/jailtonjunior94/financialcontrol-api/src/application/services/invoice.go:97.16,99.3 1 0
github.com/jailtonjunior94/financialcontrol-api/src/application/services/invoice.go:102.16,104.3 1 0
github.com/jailtonjunior94/financialcontrol-api/src/application/services/invoice.go:110.16,112.3 1 0
github.com/jailtonjunior94/financialcontrol-api/src/application/services/transaction.go:17.94,19.2 1 0
github.com/jailtonjunior94/financialcontrol-api/src/application/services/transaction.go:21.82,23.16 2 0
github.com/jailtonjunior94/financialcontrol-api/src/application/services/transaction.go:27.2,27.71 1 0
github.com/jailtonjunior94/financialcontrol-api/src/application/services/transaction.go:23.16,25.3 1 0
github.com/jailtonjunior94/financialcontrol-api/src/application/services/transaction.go:30.96,32.16 2 0
github.com/jailtonjunior94/financialcontrol-api/src/application/services/transaction.go:36.2,36.24 1 0
github.com/jailtonjunior94/financialcontrol-api/src/application/services/transaction.go:40.2,41.16 2 0
github.com/jailtonjunior94/financialcontrol-api/src/application/services/transaction.go:44.2,46.66 2 0
github.com/jailtonjunior94/financialcontrol-api/src/application/services/transaction.go:32.16,34.3 1 0
github.com/jailtonjunior94/financialcontrol-api/src/application/services/transaction.go:36.24,38.3 1 0
github.com/jailtonjunior94/financialcontrol-api/src/application/services/transaction.go:41.16,43.3 1 0
github.com/jailtonjunior94/financialcontrol-api/src/application/services/transaction.go:49.125,53.16 3 0
github.com/jailtonjunior94/financialcontrol-api/src/application/services/transaction.go:57.2,57.20 1 0
github.com/jailtonjunior94/financialcontrol-api/src/application/services/transaction.go:61.2,63.16 3 0
github.com/jailtonjunior94/financialcontrol-api/src/application/services/transaction.go:67.2,67.71 1 0
github.com/jailtonjunior94/financialcontrol-api/src/application/services/transaction.go:53.16,55.3 1 0
github.com/jailtonjunior94/financialcontrol-api/src/application/services/transaction.go:57.20,59.3 1 0
github.com/jailtonjunior94/financialcontrol-api/src/application/services/transaction.go:63.16,65.3 1 0
github.com/jailtonjunior94/financialcontrol-api/src/application/services/transaction.go:70.100,72.16 2 0
github.com/jailtonjunior94/financialcontrol-api/src/application/services/transaction.go:76.2,76.17 1 0
github.com/jailtonjunior94/financialcontrol-api/src/application/services/transaction.go:80.2,80.63 1 0
github.com/jailtonjunior94/financialcontrol-api/src/application/services/transaction.go:72.16,74.3 1 0
github.com/jailtonjunior94/financialcontrol-api/src/application/services/transaction.go:76.17,78.3 1 0
github.com/jailtonjunior94/financialcontrol-api/src/application/services/transaction.go:83.155,87.16 3 0
github.com/jailtonjunior94/financialcontrol-api/src/application/services/transaction.go:91.2,91.75 1 0
github.com/jailtonjunior94/financialcontrol-api/src/application/services/transaction.go:95.2,95.79 1 0
github.com/jailtonjunior94/financialcontrol-api/src/application/services/transaction.go:87.16,89.3 1 0
github.com/jailtonjunior94/financialcontrol-api/src/application/services/transaction.go:91.75,93.3 1 0
github.com/jailtonjunior94/financialcontrol-api/src/application/services/transaction.go:98.152,100.16 2 0
github.com/jailtonjunior94/financialcontrol-api/src/application/services/transaction.go:104.2,104.17 1 0
github.com/jailtonjunior94/financialcontrol-api/src/application/services/transaction.go:108.2,110.16 3 0
github.com/jailtonjunior94/financialcontrol-api/src/application/services/transaction.go:114.2,114.80 1 0
github.com/jailtonjunior94/financialcontrol-api/src/application/services/transaction.go:117.2,117.63 1 0
github.com/jailtonjunior94/financialcontrol-api/src/application/services/transaction.go:100.16,102.3 1 0
github.com/jailtonjunior94/financialcontrol-api/src/application/services/transaction.go:104.17,106.3 1 0
github.com/jailtonjunior94/financialcontrol-api/src/application/services/transaction.go:110.16,112.3 1 0
github.com/jailtonjunior94/financialcontrol-api/src/application/services/transaction.go:114.80,116.3 1 0
github.com/jailtonjunior94/financialcontrol-api/src/application/services/transaction.go:120.110,122.16 2 0
github.com/jailtonjunior94/financialcontrol-api/src/application/services/transaction.go:126.2,126.17 1 0
github.com/jailtonjunior94/financialcontrol-api/src/application/services/transaction.go:130.2,132.16 3 0
github.com/jailtonjunior94/financialcontrol-api/src/application/services/transaction.go:136.2,136.80 1 0
github.com/jailtonjunior94/financialcontrol-api/src/application/services/transaction.go:139.2,139.30 1 0
github.com/jailtonjunior94/financialcontrol-api/src/application/services/transaction.go:122.16,124.3 1 0
github.com/jailtonjunior94/financialcontrol-api/src/application/services/transaction.go:126.17,128.3 1 0
github.com/jailtonjunior94/financialcontrol-api/src/application/services/transaction.go:132.16,134.3 1 0
github.com/jailtonjunior94/financialcontrol-api/src/application/services/transaction.go:136.80,138.3 1 0
github.com/jailtonjunior94/financialcontrol-api/src/application/services/transaction.go:142.92,144.16 2 0
github.com/jailtonjunior94/financialcontrol-api/src/application/services/transaction.go:148.2,149.16 2 0
github.com/jailtonjunior94/financialcontrol-api/src/application/services/transaction.go:153.2,156.82 3 0
github.com/jailtonjunior94/financialcontrol-api/src/application/services/transaction.go:159.2,159.12 1 0
github.com/jailtonjunior94/financialcontrol-api/src/application/services/transaction.go:144.16,146.3 1 0
github.com/jailtonjunior94/financialcontrol-api/src/application/services/transaction.go:149.16,151.3 1 0
github.com/jailtonjunior94/financialcontrol-api/src/application/services/transaction.go:156.82,158.3 1 0
github.com/jailtonjunior94/financialcontrol-api/src/application/services/user.go:18.98,20.2 1 0
github.com/jailtonjunior94/financialcontrol-api/src/application/services/user.go:22.89,24.16 2 0
github.com/jailtonjunior94/financialcontrol-api/src/application/services/user.go:28.2,30.16 3 0
github.com/jailtonjunior94/financialcontrol-api/src/application/services/user.go:34.2,35.34 2 0
github.com/jailtonjunior94/financialcontrol-api/src/application/services/user.go:24.16,26.3 1 0
github.com/jailtonjunior94/financialcontrol-api/src/application/services/user.go:30.16,32.3 1 0
github.com/jailtonjunior94/financialcontrol-api/src/application/services/auth.go:18.122,20.2 1 1
github.com/jailtonjunior94/financialcontrol-api/src/application/services/auth.go:22.91,24.16 2 1
github.com/jailtonjunior94/financialcontrol-api/src/application/services/auth.go:28.2,28.17 1 1
github.com/jailtonjunior94/financialcontrol-api/src/application/services/auth.go:32.2,32.83 1 0
github.com/jailtonjunior94/financialcontrol-api/src/application/services/auth.go:36.2,37.16 2 0
github.com/jailtonjunior94/financialcontrol-api/src/application/services/auth.go:41.2,41.55 1 0
github.com/jailtonjunior94/financialcontrol-api/src/application/services/auth.go:24.16,26.3 1 1
github.com/jailtonjunior94/financialcontrol-api/src/application/services/auth.go:28.17,30.3 1 1
github.com/jailtonjunior94/financialcontrol-api/src/application/services/auth.go:32.83,34.3 1 0
github.com/jailtonjunior94/financialcontrol-api/src/application/services/auth.go:37.16,39.3 1 0
github.com/jailtonjunior94/financialcontrol-api/src/application/services/bill.go:17.73,19.2 1 0
github.com/jailtonjunior94/financialcontrol-api/src/application/services/bill.go:21.55,23.16 2 0
github.com/jailtonjunior94/financialcontrol-api/src/application/services/bill.go:27.2,27.57 1 0
github.com/jailtonjunior94/financialcontrol-api/src/application/services/bill.go:23.16,25.3 1 0
github.com/jailtonjunior94/financialcontrol-api/src/application/services/bill.go:30.67,32.16 2 0
github.com/jailtonjunior94/financialcontrol-api/src/application/services/bill.go:36.2,36.17 1 0
github.com/jailtonjunior94/financialcontrol-api/src/application/services/bill.go:40.2,41.16 2 0
github.com/jailtonjunior94/financialcontrol-api/src/application/services/bill.go:44.2,46.52 2 0
github.com/jailtonjunior94/financialcontrol-api/src/application/services/bill.go:32.16,34.3 1 0
github.com/jailtonjunior94/financialcontrol-api/src/application/services/bill.go:36.17,38.3 1 0
github.com/jailtonjunior94/financialcontrol-api/src/application/services/bill.go:41.16,43.3 1 0
github.com/jailtonjunior94/financialcontrol-api/src/application/services/bill.go:49.89,53.16 3 0
github.com/jailtonjunior94/financialcontrol-api/src/application/services/bill.go:57.2,57.20 1 0
github.com/jailtonjunior94/financialcontrol-api/src/application/services/bill.go:61.2,63.16 3 0
github.com/jailtonjunior94/financialcontrol-api/src/application/services/bill.go:67.2,67.57 1 0
github.com/jailtonjunior94/financialcontrol-api/src/application/services/bill.go:53.16,55.3 1 0
github.com/jailtonjunior94/financialcontrol-api/src/application/services/bill.go:57.20,59.3 1 0
github.com/jailtonjunior94/financialcontrol-api/src/application/services/bill.go:63.16,65.3 1 0
github.com/jailtonjunior94/financialcontrol-api/src/application/services/bill.go:70.79,72.16 2 0
github.com/jailtonjunior94/financialcontrol-api/src/application/services/bill.go:76.2,76.21 1 0
github.com/jailtonjunior94/financialcontrol-api/src/application/services/bill.go:80.2,80.60 1 0
github.com/jailtonjunior94/financialcontrol-api/src/application/services/bill.go:72.16,74.3 1 0
github.com/jailtonjunior94/financialcontrol-api/src/application/services/bill.go:76.21,78.3 1 0
github.com/jailtonjunior94/financialcontrol-api/src/application/services/bill.go:83.112,87.16 3 0
github.com/jailtonjunior94/financialcontrol-api/src/application/services/bill.go:91.2,91.53 1 0
github.com/jailtonjunior94/financialcontrol-api/src/application/services/bill.go:95.2,95.65 1 0
github.com/jailtonjunior94/financialcontrol-api/src/application/services/bill.go:87.16,89.3 1 0
github.com/jailtonjunior94/financialcontrol-api/src/application/services/bill.go:91.53,93.3 1 0
github.com/jailtonjunior94/financialcontrol-api/src/application/services/bill.go:98.116,100.16 2 0
github.com/jailtonjunior94/financialcontrol-api/src/application/services/bill.go:104.2,104.17 1 0
github.com/jailtonjunior94/financialcontrol-api/src/application/services/bill.go:108.2,110.16 3 0
github.com/jailtonjunior94/financialcontrol-api/src/application/services/bill.go:114.2,114.53 1 0
github.com/jailtonjunior94/financialcontrol-api/src/application/services/bill.go:117.2,117.56 1 0
github.com/jailtonjunior94/financialcontrol-api/src/application/services/bill.go:100.16,102.3 1 0
github.com/jailtonjunior94/financialcontrol-api/src/application/services/bill.go:104.17,106.3 1 0
github.com/jailtonjunior94/financialcontrol-api/src/application/services/bill.go:110.16,112.3 1 0
github.com/jailtonjunior94/financialcontrol-api/src/application/services/bill.go:114.53,116.3 1 0
github.com/jailtonjunior94/financialcontrol-api/src/application/services/bill.go:120.81,122.16 2 0
github.com/jailtonjunior94/financialcontrol-api/src/application/services/bill.go:126.2,126.17 1 0
github.com/jailtonjunior94/financialcontrol-api/src/application/services/bill.go:130.2,132.16 3 0
github.com/jailtonjunior94/financialcontrol-api/src/application/services/bill.go:136.2,136.58 1 0
github.com/jailtonjunior94/financialcontrol-api/src/application/services/bill.go:139.2,139.30 1 0
github.com/jailtonjunior94/financialcontrol-api/src/application/services/bill.go:122.16,124.3 1 0
github.com/jailtonjunior94/financialcontrol-api/src/application/services/bill.go:126.17,128.3 1 0
github.com/jailtonjunior94/financialcontrol-api/src/application/services/bill.go:132.16,134.3 1 0
github.com/jailtonjunior94/financialcontrol-api/src/application/services/bill.go:136.58,138.3 1 0
github.com/jailtonjunior94/financialcontrol-api/src/application/services/bill.go:142.59,144.16 2 0
github.com/jailtonjunior94/financialcontrol-api/src/application/services/bill.go:148.2,149.16 2 0
github.com/jailtonjunior94/financialcontrol-api/src/application/services/bill.go:153.2,156.61 3 0
github.com/jailtonjunior94/financialcontrol-api/src/application/services/bill.go:159.2,159.12 1 0
github.com/jailtonjunior94/financialcontrol-api/src/application/services/bill.go:144.16,146.3 1 0
github.com/jailtonjunior94/financialcontrol-api/src/application/services/bill.go:149.16,151.3 1 0
github.com/jailtonjunior94/financialcontrol-api/src/application/services/bill.go:156.61,158.3 1 0
github.com/jailtonjunior94/financialcontrol-api/src/application/services/card.go:16.73,18.2 1 0
github.com/jailtonjunior94/financialcontrol-api/src/application/services/card.go:20.68,22.16 2 0
github.com/jailtonjunior94/financialcontrol-api/src/application/services/card.go:26.2,26.57 1 0
github.com/jailtonjunior94/financialcontrol-api/src/application/services/card.go:22.16,24.3 1 0
github.com/jailtonjunior94/financialcontrol-api/src/application/services/card.go:29.75,31.16 2 0
github.com/jailtonjunior94/financialcontrol-api/src/application/services/card.go:35.2,35.17 1 0
github.com/jailtonjunior94/financialcontrol-api/src/application/services/card.go:39.2,39.52 1 0
github.com/jailtonjunior94/financialcontrol-api/src/application/services/card.go:31.16,33.3 1 0
github.com/jailtonjunior94/financialcontrol-api/src/application/services/card.go:35.17,37.3 1 0
github.com/jailtonjunior94/financialcontrol-api/src/application/services/card.go:42.104,45.16 3 0
github.com/jailtonjunior94/financialcontrol-api/src/application/services/card.go:49.2,49.57 1 0
github.com/jailtonjunior94/financialcontrol-api/src/application/services/card.go:45.16,47.3 1 0
github.com/jailtonjunior94/financialcontrol-api/src/application/services/card.go:52.108,54.16 2 0
github.com/jailtonjunior94/financialcontrol-api/src/application/services/card.go:58.2,58.17 1 0
github.com/jailtonjunior94/financialcontrol-api/src/application/services/card.go:62.2,64.16 3 0
github.com/jailtonjunior94/financialcontrol-api/src/application/services/card.go:68.2,68.52 1 0
github.com/jailtonjunior94/financialcontrol-api/src/application/services/card.go:54.16,56.3 1 0
github.com/jailtonjunior94/financialcontrol-api/src/application/services/card.go:58.17,60.3 1 0
github.com/jailtonjunior94/financialcontrol-api/src/application/services/card.go:64.16,66.3 1 0
github.com/jailtonjunior94/financialcontrol-api/src/application/services/card.go:71.77,73.16 2 0
github.com/jailtonjunior94/financialcontrol-api/src/application/services/card.go:77.2,77.17 1 0
github.com/jailtonjunior94/financialcontrol-api/src/application/services/card.go:81.2,83.16 3 0
github.com/jailtonjunior94/financialcontrol-api/src/application/services/card.go:87.2,87.30 1 0
github.com/jailtonjunior94/financialcontrol-api/src/application/services/card.go:73.16,75.3 1 0
github.com/jailtonjunior94/financialcontrol-api/src/application/services/card.go:77.17,79.3 1 0
github.com/jailtonjunior94/financialcontrol-api/src/application/services/card.go:83.16,85.3 1 0
github.com/jailtonjunior94/financialcontrol-api/src/application/services/category.go:14.85,16.2 1 0
github.com/jailtonjunior94/financialcontrol-api/src/application/services/category.go:18.64,20.16 2 0
github.com/jailtonjunior94/financialcontrol-api/src/application/services/category.go:24.2,24.66 1 0
github.com/jailtonjunior94/financialcontrol-api/src/application/services/category.go:20.16,22.3 1 0
github.com/jailtonjunior94/financialcontrol-api/src/application/services/flag.go:14.73,16.2 1 0
github.com/jailtonjunior94/financialcontrol-api/src/application/services/flag.go:18.55,20.16 2 0
github.com/jailtonjunior94/financialcontrol-api/src/application/services/flag.go:24.2,24.57 1 0
github.com/jailtonjunior94/financialcontrol-api/src/application/services/flag.go:20.16,22.3 1 0
